> Task :app:preBuild UP-TO-DATE
> Task :app:preDebugBuild UP-TO-DATE
> Task :app:checkKotlinGradlePluginConfigurationErrors
> Task :app:generateDebugBuildConfig UP-TO-DATE
> Task :app:checkDebugAarMetadata UP-TO-DATE
> Task :app:generateDebugResValues UP-TO-DATE
> Task :app:mapDebugSourceSetPaths UP-TO-DATE
> Task :app:generateDebugResources UP-TO-DATE
> Task :app:mergeDebugResources UP-TO-DATE
> Task :app:packageDebugResources UP-TO-DATE
> Task :app:parseDebugLocalResources UP-TO-DATE
> Task :app:createDebugCompatibleScreenManifests UP-TO-DATE
> Task :app:extractDeepLinksDebug UP-TO-DATE
> Task :app:processDebugMainManifest UP-TO-DATE
> Task :app:processDebugManifest UP-TO-DATE
> Task :app:processDebugManifestForPackage UP-TO-DATE
> Task :app:processDebugResources UP-TO-DATE
> Task :app:javaPreCompileDebug UP-TO-DATE
> Task :app:preDebugUnitTestBuild UP-TO-DATE
> Task :app:javaPreCompileDebugUnitTest UP-TO-DATE
> Task :app:kspDebugKotlin
> Task :app:compileDebugKotlin
> Task :app:compileDebugJavaWithJavac
> Task :app:hiltAggregateDepsDebug UP-TO-DATE
> Task :app:hiltJavaCompileDebug
> Task :app:processDebugJavaRes
> Task :app:bundleDebugClassesToCompileJar
> Task :app:transformDebugClassesWithAsm
> Task :app:bundleDebugClassesToRuntimeJar
> Task :app:kspDebugUnitTestKotlin

> Task :app:compileDebugUnitTestKotlin
w: file:///D:/hagihara/EPCube-Optimizer/app/src/test/java/com/ghihin/epcubeoptimizer/domain/usecase/CalculateTargetSocUseCaseTest.kt:25:9 Name contains characters which can cause problems on Windows: %
w: file:///D:/hagihara/EPCube-Optimizer/app/src/test/java/com/ghihin/epcubeoptimizer/domain/usecase/CalculateTargetSocUseCaseTest.kt:38:9 Name contains characters which can cause problems on Windows: %
w: file:///D:/hagihara/EPCube-Optimizer/app/src/test/java/com/ghihin/epcubeoptimizer/domain/usecase/CalculateTargetSocUseCaseTest.kt:52:9 Name contains characters which can cause problems on Windows: %
w: file:///D:/hagihara/EPCube-Optimizer/app/src/test/java/com/ghihin/epcubeoptimizer/domain/usecase/CalculateTargetSocUseCaseTest.kt:62:9 Name contains characters which can cause problems on Windows: %
w: file:///D:/hagihara/EPCube-Optimizer/app/src/test/java/com/ghihin/epcubeoptimizer/domain/usecase/CalculateTargetSocUseCaseTest.kt:72:9 Name contains characters which can cause problems on Windows: %
w: file:///D:/hagihara/EPCube-Optimizer/app/src/test/java/com/ghihin/epcubeoptimizer/domain/usecase/CalculateTargetSocUseCaseTest.kt:85:9 Name contains characters which can cause problems on Windows: %
w: file:///D:/hagihara/EPCube-Optimizer/app/src/test/java/com/ghihin/epcubeoptimizer/domain/usecase/CalculateTargetSocUseCaseTest.kt:95:9 Name contains characters which can cause problems on Windows: %
w: file:///D:/hagihara/EPCube-Optimizer/app/src/test/java/com/ghihin/epcubeoptimizer/domain/usecase/CalculateTargetSocUseCaseTest.kt:107:9 Name contains characters which can cause problems on Windows: %

> Task :app:compileDebugUnitTestJavaWithJavac NO-SOURCE
> Task :app:hiltAggregateDepsDebugUnitTest
> Task :app:hiltJavaCompileDebugUnitTest NO-SOURCE
> Task :app:processDebugUnitTestJavaRes
> Task :app:transformDebugUnitTestClassesWithAsm
> Task :app:testDebugUnitTest

BUILD SUCCESSFUL in 28s
32 actionable tasks: 15 executed, 17 up-to-date
